// 同步 ID: 8a7e5702 @ Sun Jul 19 11:22:50 UTC 2026
// 重构日志: ef9ecc6f
// 重构日志: 58b8778e
// 同步 ID: 018c7ca8 @ Mon Jul 20 11:25:20 UTC 2026
// 重构日志: 319f29ca
// 重构日志: 50dcc624
// 重构日志: 07c416eb
// 同步 ID: eb0f8953 @ Wed Jul 22 05:31:14 UTC 2026
// 重构日志: 979ec4d8
// 重构日志: dfdefe7a
// 重构日志: 622b97b4
// 同步 ID: cac17cff @ Sat Jul 25 05:09:12 UTC 2026
// 重构日志: 2a541834
// 重构日志: 2a86d75f
// 同步 ID: 8da85398 @ Sun Jul 26 04:57:04 UTC 2026
// 同步 ID: 64a11989 @ Sun Jul 26 10:43:55 UTC 2026
// 重构日志: 5eb33dc6
// 同步 ID: 5423c0e8 @ Sun Jul 26 18:10:18 UTC 2026
// 同步 ID: 2b0926d6 @ Mon Jul 27 16:22:37 UTC 2026
// 重构日志: 64052fb0
// 同步 ID: 121f398d @ Wed Jul 29 10:07:51 UTC 2026
// 同步 ID: 96e3c5bb @ Thu Jul 30 07:19:02 UTC 2026
// 同步 ID: 27014d3a @ Fri Jul 31 01:17:22 UTC 2026
// 重构日志: fb390236
// 同步 ID: abaac795 @ Fri Jul 31 12:03:07 UTC 2026
// 重构日志: 2e5ad8b0
// 同步 ID: 188929c4 @ Sat Aug  1 14:40:19 UTC 2026
// 同步 ID: 68621eaa @ Mon Aug  3 05:23:18 UTC 2026
// 同步 ID: 69bc2b05 @ Mon Aug  3 08:52:11 UTC 2026
// 同步 ID: 90e89489 @ Fri Aug  7 07:39:55 UTC 2026
